(.venv) sharad@anrfotd5:~/Quantum_Deep_learning/skin cancer$ python gan.py
Using device: cuda
  GPU: NVIDIA RTX PRO 6000 Blackwell Server Edition MIG 1g.24gb
Dataset root: /home/sharad/Quantum_Deep_learning/skin cancer/dataset
Metadata CSV: /home/sharad/Quantum_Deep_learning/skin cancer/dataset/GroundTruth.csv
Images dir:   /home/sharad/Quantum_Deep_learning/skin cancer/dataset/images
Masks dir:    /home/sharad/Quantum_Deep_learning/skin cancer/dataset/masks (found)
dx
NV       6705
MEL      1113
BKL      1099
BCC       514
AKIEC     327
VASC      142
DF        115
Name: count, dtype: int64
Real (preprocessed) image counts per class:
  MEL: 1113
  NV: 6705
  BCC: 514
  AKIEC: 327
  BKL: 1099
  DF: 115
  VASC: 142

Majority class: NV (6705 images)
Images needed per minority class to reach max_count:
  MEL: 5592
  BCC: 6191
  AKIEC: 6378
  BKL: 5606
  DF: 6590
  VASC: 6563
Using lightning.qubit (fast C++ backend)
HybridQuantumLayer test output shape: torch.Size([4, 2048])
Gradient reaches quantum weights: True
Loaded MEL generator from /home/sharad/Quantum_Deep_learning/skin cancer/checkpoints/qdcgan_MEL.pt (epoch 500)
[MEL] Pre-computing quantum features for 5592 images...
Pre-computing 5592 quantum noise features (runs ONCE, then cached)...
  64/5592 quantum features computed...
  704/5592 quantum features computed...
  1344/5592 quantum features computed...
  1984/5592 quantum features computed...
  2624/5592 quantum features computed...
  3264/5592 quantum features computed...
  3904/5592 quantum features computed...
  4544/5592 quantum features computed...
  5184/5592 quantum features computed...
Pre-computation complete.
[MEL] Saved 5592 images to /home/sharad/Quantum_Deep_learning/skin cancer/dataset/processed_images/MEL/augmented
Loaded BCC generator from /home/sharad/Quantum_Deep_learning/skin cancer/checkpoints/qdcgan_BCC.pt (epoch 500)
[BCC] Pre-computing quantum features for 6191 images...
Pre-computing 6191 quantum noise features (runs ONCE, then cached)...
  64/6191 quantum features computed...
  704/6191 quantum features computed...
  1344/6191 quantum features computed...
  1984/6191 quantum features computed...
  2624/6191 quantum features computed...
  3264/6191 quantum features computed...
  3904/6191 quantum features computed...
  4544/6191 quantum features computed...
  5184/6191 quantum features computed...
  5824/6191 quantum features computed...
Pre-computation complete.
[BCC] Saved 6191 images to /home/sharad/Quantum_Deep_learning/skin cancer/dataset/processed_images/BCC/augmented
Loaded AKIEC generator from /home/sharad/Quantum_Deep_learning/skin cancer/checkpoints/qdcgan_AKIEC.pt (epoch 500)
[AKIEC] Pre-computing quantum features for 6378 images...
Pre-computing 6378 quantum noise features (runs ONCE, then cached)...
  64/6378 quantum features computed...
  704/6378 quantum features computed...
  1344/6378 quantum features computed...
  1984/6378 quantum features computed...
  2624/6378 quantum features computed...
  3264/6378 quantum features computed...
  3904/6378 quantum features computed...
  4544/6378 quantum features computed...
  5184/6378 quantum features computed...
  5824/6378 quantum features computed...
Pre-computation complete.
[AKIEC] Saved 6378 images to /home/sharad/Quantum_Deep_learning/skin cancer/dataset/processed_images/AKIEC/augmented
Loaded BKL generator from /home/sharad/Quantum_Deep_learning/skin cancer/checkpoints/qdcgan_BKL.pt (epoch 500)
[BKL] Pre-computing quantum features for 5606 images...
Pre-computing 5606 quantum noise features (runs ONCE, then cached)...
  64/5606 quantum features computed...
  704/5606 quantum features computed...
  1344/5606 quantum features computed...
  1984/5606 quantum features computed...
  2624/5606 quantum features computed...
  3264/5606 quantum features computed...
  3904/5606 quantum features computed...
  4544/5606 quantum features computed...
  5184/5606 quantum features computed...
Pre-computation complete.
[BKL] Saved 5606 images to /home/sharad/Quantum_Deep_learning/skin cancer/dataset/processed_images/BKL/augmented
Loaded DF generator from /home/sharad/Quantum_Deep_learning/skin cancer/checkpoints/qdcgan_DF.pt (epoch 500)
[DF] Pre-computing quantum features for 6590 images...
Pre-computing 6590 quantum noise features (runs ONCE, then cached)...
  64/6590 quantum features computed...
  704/6590 quantum features computed...
  1344/6590 quantum features computed...
  1984/6590 quantum features computed...
  2624/6590 quantum features computed...
  3264/6590 quantum features computed...
  3904/6590 quantum features computed...
  4544/6590 quantum features computed...
  5184/6590 quantum features computed...
  5824/6590 quantum features computed...
  6464/6590 quantum features computed...
Pre-computation complete.
[DF] Saved 6590 images to /home/sharad/Quantum_Deep_learning/skin cancer/dataset/processed_images/DF/augmented
Loaded VASC generator from /home/sharad/Quantum_Deep_learning/skin cancer/checkpoints/qdcgan_VASC.pt (epoch 500)
[VASC] Pre-computing quantum features for 6563 images...
Pre-computing 6563 quantum noise features (runs ONCE, then cached)...
  64/6563 quantum features computed...
  704/6563 quantum features computed...
  1344/6563 quantum features computed...
  1984/6563 quantum features computed...
  2624/6563 quantum features computed...
  3264/6563 quantum features computed...
  3904/6563 quantum features computed...
  4544/6563 quantum features computed...
  5184/6563 quantum features computed...
  5824/6563 quantum features computed...
  6464/6563 quantum features computed...
Pre-computation complete.
[VASC] Saved 6563 images to /home/sharad/Quantum_Deep_learning/skin cancer/dataset/processed_images/VASC/augmented
=== Training Q-Pix2Pix refiner ===
================================================================================
Starting Q-Pix2Pix training
Device       : cuda
Epochs       : 200
Batch size   : 64
L1 lambda    : 15.0
Learning rate: 0.0002
================================================================================
[Pix2Pix] Number of batches: 576
[Pix2Pix] Resuming from checkpoint at epoch 30 → /home/sharad/Quantum_Deep_learning/skin cancer/checkpoints/pix2pix.pt
[Pix2Pix] Epoch 31/200: 100%|███████████████████████████████████████████████████████████████████████████████████████████████████████████████████| 576/576 [08:43<00:00,  1.10it/s, D_loss=1.1198, G_loss=4.0167]
[Pix2Pix] Epoch 32/200: 100%|███████████████████████████████████████████████████████████████████████████████████████████████████████████████████| 576/576 [08:37<00:00,  1.11it/s, D_loss=1.1219, G_loss=4.0075]
[Pix2Pix] Epoch 33/200: 100%|███████████████████████████████████████████████████████████████████████████████████████████████████████████████████| 576/576 [08:39<00:00,  1.11it/s, D_loss=1.1179, G_loss=4.0229]
[Pix2Pix] Epoch 34/200: 100%|███████████████████████████████████████████████████████████████████████████████████████████████████████████████████| 576/576 [08:38<00:00,  1.11it/s, D_loss=1.1153, G_loss=4.0283]
[Pix2Pix] Epoch 35/200: 100%|███████████████████████████████████████████████████████████████████████████████████████████████████████████████████| 576/576 [08:38<00:00,  1.11it/s, D_loss=1.1197, G_loss=4.0171]
[Pix2Pix] Checkpoint saved at epoch 35 → /home/sharad/Quantum_Deep_learning/skin cancer/checkpoints/pix2pix.pt
[Pix2Pix] Epoch 36/200: 100%|███████████████████████████████████████████████████████████████████████████████████████████████████████████████████| 576/576 [08:36<00:00,  1.12it/s, D_loss=1.1197, G_loss=4.0356]
[Pix2Pix] Epoch 37/200: 100%|███████████████████████████████████████████████████████████████████████████████████████████████████████████████████| 576/576 [08:36<00:00,  1.11it/s, D_loss=1.1135, G_loss=4.0204]
[Pix2Pix] Epoch 38/200: 100%|███████████████████████████████████████████████████████████████████████████████████████████████████████████████████| 576/576 [08:38<00:00,  1.11it/s, D_loss=1.1165, G_loss=4.0377]
[Pix2Pix] Epoch 39/200: 100%|███████████████████████████████████████████████████████████████████████████████████████████████████████████████████| 576/576 [08:37<00:00,  1.11it/s, D_loss=1.1162, G_loss=4.0330]
[Pix2Pix] Epoch 40/200: 100%|███████████████████████████████████████████████████████████████████████████████████████████████████████████████████| 576/576 [08:37<00:00,  1.11it/s, D_loss=1.1191, G_loss=4.0133]
[Pix2Pix] Epoch 040/200 | D_loss=1.1191 | G_loss=4.0133 | Time=517.37s
[Pix2Pix] Checkpoint saved at epoch 40 → /home/sharad/Quantum_Deep_learning/skin cancer/checkpoints/pix2pix.pt
[Pix2Pix] Epoch 41/200: 100%|███████████████████████████████████████████████████████████████████████████████████████████████████████████████████| 576/576 [08:38<00:00,  1.11it/s, D_loss=1.1145, G_loss=4.0199]
[Pix2Pix] Epoch 42/200: 100%|███████████████████████████████████████████████████████████████████████████████████████████████████████████████████| 576/576 [08:37<00:00,  1.11it/s, D_loss=1.1126, G_loss=4.0284]
[Pix2Pix] Epoch 43/200: 100%|███████████████████████████████████████████████████████████████████████████████████████████████████████████████████| 576/576 [08:37<00:00,  1.11it/s, D_loss=1.1111, G_loss=4.0398]
[Pix2Pix] Epoch 44/200: 100%|███████████████████████████████████████████████████████████████████████████████████████████████████████████████████| 576/576 [08:38<00:00,  1.11it/s, D_loss=1.1155, G_loss=4.0253]
[Pix2Pix] Epoch 45/200: 100%|███████████████████████████████████████████████████████████████████████████████████████████████████████████████████| 576/576 [08:41<00:00,  1.10it/s, D_loss=1.1129, G_loss=4.0316]
[Pix2Pix] Checkpoint saved at epoch 45 → /home/sharad/Quantum_Deep_learning/skin cancer/checkpoints/pix2pix.pt
[Pix2Pix] Epoch 46/200: 100%|███████████████████████████████████████████████████████████████████████████████████████████████████████████████████| 576/576 [08:39<00:00,  1.11it/s, D_loss=1.1138, G_loss=4.0188]
[Pix2Pix] Epoch 47/200: 100%|███████████████████████████████████████████████████████████████████████████████████████████████████████████████████| 576/576 [08:39<00:00,  1.11it/s, D_loss=1.1143, G_loss=4.0335]
[Pix2Pix] Epoch 48/200: 100%|███████████████████████████████████████████████████████████████████████████████████████████████████████████████████| 576/576 [08:39<00:00,  1.11it/s, D_loss=1.1128, G_loss=4.0312]
[Pix2Pix] Epoch 49/200: 100%|███████████████████████████████████████████████████████████████████████████████████████████████████████████████████| 576/576 [08:37<00:00,  1.11it/s, D_loss=1.1154, G_loss=4.0325]
[Pix2Pix] Epoch 50/200: 100%|███████████████████████████████████████████████████████████████████████████████████████████████████████████████████| 576/576 [08:37<00:00,  1.11it/s, D_loss=1.1128, G_loss=4.0350]
[Pix2Pix] Epoch 050/200 | D_loss=1.1128 | G_loss=4.0350 | Time=517.58s
[Pix2Pix] Checkpoint saved at epoch 50 → /home/sharad/Quantum_Deep_learning/skin cancer/checkpoints/pix2pix.pt
[Pix2Pix] Epoch 51/200: 100%|███████████████████████████████████████████████████████████████████████████████████████████████████████████████████| 576/576 [08:37<00:00,  1.11it/s, D_loss=1.1132, G_loss=4.0384]
[Pix2Pix] Epoch 52/200: 100%|███████████████████████████████████████████████████████████████████████████████████████████████████████████████████| 576/576 [08:36<00:00,  1.11it/s, D_loss=1.1177, G_loss=4.0296]
[Pix2Pix] Epoch 53/200: 100%|███████████████████████████████████████████████████████████████████████████████████████████████████████████████████| 576/576 [08:36<00:00,  1.12it/s, D_loss=1.1099, G_loss=4.0356]
[Pix2Pix] Epoch 54/200: 100%|███████████████████████████████████████████████████████████████████████████████████████████████████████████████████| 576/576 [08:35<00:00,  1.12it/s, D_loss=1.1125, G_loss=4.0398]
[Pix2Pix] Epoch 55/200: 100%|███████████████████████████████████████████████████████████████████████████████████████████████████████████████████| 576/576 [08:40<00:00,  1.11it/s, D_loss=1.1146, G_loss=4.0397]
[Pix2Pix] Checkpoint saved at epoch 55 → /home/sharad/Quantum_Deep_learning/skin cancer/checkpoints/pix2pix.pt
[Pix2Pix] Epoch 56/200: 100%|███████████████████████████████████████████████████████████████████████████████████████████████████████████████████| 576/576 [08:39<00:00,  1.11it/s, D_loss=1.1158, G_loss=4.0346]
[Pix2Pix] Epoch 57/200: 100%|███████████████████████████████████████████████████████████████████████████████████████████████████████████████████| 576/576 [08:37<00:00,  1.11it/s, D_loss=1.1092, G_loss=4.0434]
[Pix2Pix] Epoch 58/200: 100%|███████████████████████████████████████████████████████████████████████████████████████████████████████████████████| 576/576 [08:37<00:00,  1.11it/s, D_loss=1.1148, G_loss=4.0360]
[Pix2Pix] Epoch 59/200: 100%|███████████████████████████████████████████████████████████████████████████████████████████████████████████████████| 576/576 [08:37<00:00,  1.11it/s, D_loss=1.1123, G_loss=4.0463]
[Pix2Pix] Epoch 60/200: 100%|███████████████████████████████████████████████████████████████████████████████████████████████████████████████████| 576/576 [08:36<00:00,  1.11it/s, D_loss=1.1141, G_loss=4.0255]
[Pix2Pix] Epoch 060/200 | D_loss=1.1141 | G_loss=4.0255 | Time=516.74s
[Pix2Pix] Checkpoint saved at epoch 60 → /home/sharad/Quantum_Deep_learning/skin cancer/checkpoints/pix2pix.pt
[Pix2Pix] Epoch 61/200: 100%|███████████████████████████████████████████████████████████████████████████████████████████████████████████████████| 576/576 [08:40<00:00,  1.11it/s, D_loss=1.1160, G_loss=4.0323]
[Pix2Pix] Epoch 62/200: 100%|███████████████████████████████████████████████████████████████████████████████████████████████████████████████████| 576/576 [08:38<00:00,  1.11it/s, D_loss=1.1168, G_loss=4.0311]
[Pix2Pix] Epoch 63/200: 100%|███████████████████████████████████████████████████████████████████████████████████████████████████████████████████| 576/576 [08:39<00:00,  1.11it/s, D_loss=1.1131, G_loss=4.0337]
[Pix2Pix] Epoch 64/200: 100%|███████████████████████████████████████████████████████████████████████████████████████████████████████████████████| 576/576 [08:37<00:00,  1.11it/s, D_loss=1.1069, G_loss=4.0439]
[Pix2Pix] Epoch 65/200: 100%|███████████████████████████████████████████████████████████████████████████████████████████████████████████████████| 576/576 [08:39<00:00,  1.11it/s, D_loss=1.1178, G_loss=4.0277]
[Pix2Pix] Checkpoint saved at epoch 65 → /home/sharad/Quantum_Deep_learning/skin cancer/checkpoints/pix2pix.pt
[Pix2Pix] Epoch 66/200: 100%|███████████████████████████████████████████████████████████████████████████████████████████████████████████████████| 576/576 [08:36<00:00,  1.11it/s, D_loss=1.1159, G_loss=4.0334]
[Pix2Pix] Epoch 67/200: 100%|███████████████████████████████████████████████████████████████████████████████████████████████████████████████████| 576/576 [08:37<00:00,  1.11it/s, D_loss=1.1177, G_loss=4.0330]
[Pix2Pix] Epoch 68/200: 100%|███████████████████████████████████████████████████████████████████████████████████████████████████████████████████| 576/576 [08:39<00:00,  1.11it/s, D_loss=1.1211, G_loss=4.0392]
[Pix2Pix] Epoch 69/200: 100%|███████████████████████████████████████████████████████████████████████████████████████████████████████████████████| 576/576 [08:37<00:00,  1.11it/s, D_loss=1.1174, G_loss=4.0299]
[Pix2Pix] Epoch 70/200: 100%|███████████████████████████████████████████████████████████████████████████████████████████████████████████████████| 576/576 [08:39<00:00,  1.11it/s, D_loss=1.1204, G_loss=4.0374]
[Pix2Pix] Epoch 070/200 | D_loss=1.1204 | G_loss=4.0374 | Time=519.81s
[Pix2Pix] Checkpoint saved at epoch 70 → /home/sharad/Quantum_Deep_learning/skin cancer/checkpoints/pix2pix.pt
[Pix2Pix] Epoch 71/200: 100%|███████████████████████████████████████████████████████████████████████████████████████████████████████████████████| 576/576 [08:39<00:00,  1.11it/s, D_loss=1.1181, G_loss=4.0341]
[Pix2Pix] Epoch 72/200: 100%|███████████████████████████████████████████████████████████████████████████████████████████████████████████████████| 576/576 [08:39<00:00,  1.11it/s, D_loss=1.1147, G_loss=4.0330]
[Pix2Pix] Epoch 73/200: 100%|███████████████████████████████████████████████████████████████████████████████████████████████████████████████████| 576/576 [08:39<00:00,  1.11it/s, D_loss=1.1164, G_loss=4.0235]
[Pix2Pix] Epoch 74/200: 100%|███████████████████████████████████████████████████████████████████████████████████████████████████████████████████| 576/576 [08:39<00:00,  1.11it/s, D_loss=1.1137, G_loss=4.0391]
[Pix2Pix] Epoch 75/200: 100%|███████████████████████████████████████████████████████████████████████████████████████████████████████████████████| 576/576 [08:38<00:00,  1.11it/s, D_loss=1.1204, G_loss=4.0245]
[Pix2Pix] Checkpoint saved at epoch 75 → /home/sharad/Quantum_Deep_learning/skin cancer/checkpoints/pix2pix.pt
[Pix2Pix] Epoch 76/200: 100%|███████████████████████████████████████████████████████████████████████████████████████████████████████████████████| 576/576 [08:36<00:00,  1.12it/s, D_loss=1.1124, G_loss=4.0422]
[Pix2Pix] Epoch 77/200: 100%|███████████████████████████████████████████████████████████████████████████████████████████████████████████████████| 576/576 [08:36<00:00,  1.11it/s, D_loss=1.1154, G_loss=4.0317]
[Pix2Pix] Epoch 78/200: 100%|███████████████████████████████████████████████████████████████████████████████████████████████████████████████████| 576/576 [08:36<00:00,  1.12it/s, D_loss=1.1164, G_loss=4.0312]
[Pix2Pix] Epoch 79/200: 100%|███████████████████████████████████████████████████████████████████████████████████████████████████████████████████| 576/576 [08:36<00:00,  1.12it/s, D_loss=1.1150, G_loss=4.0311]
[Pix2Pix] Epoch 80/200: 100%|███████████████████████████████████████████████████████████████████████████████████████████████████████████████████| 576/576 [08:37<00:00,  1.11it/s, D_loss=1.1157, G_loss=4.0337]
[Pix2Pix] Epoch 080/200 | D_loss=1.1157 | G_loss=4.0337 | Time=517.82s
[Pix2Pix] Checkpoint saved at epoch 80 → /home/sharad/Quantum_Deep_learning/skin cancer/checkpoints/pix2pix.pt
[Pix2Pix] Epoch 81/200: 100%|███████████████████████████████████████████████████████████████████████████████████████████████████████████████████| 576/576 [08:38<00:00,  1.11it/s, D_loss=1.1140, G_loss=4.0331]
[Pix2Pix] Epoch 82/200: 100%|███████████████████████████████████████████████████████████████████████████████████████████████████████████████████| 576/576 [08:36<00:00,  1.12it/s, D_loss=1.1170, G_loss=4.0426]
[Pix2Pix] Epoch 83/200: 100%|███████████████████████████████████████████████████████████████████████████████████████████████████████████████████| 576/576 [08:37<00:00,  1.11it/s, D_loss=1.1184, G_loss=4.0250]
[Pix2Pix] Epoch 84/200: 100%|███████████████████████████████████████████████████████████████████████████████████████████████████████████████████| 576/576 [08:39<00:00,  1.11it/s, D_loss=1.1184, G_loss=4.0319]
[Pix2Pix] Epoch 85/200: 100%|███████████████████████████████████████████████████████████████████████████████████████████████████████████████████| 576/576 [08:37<00:00,  1.11it/s, D_loss=1.1163, G_loss=4.0381]
[Pix2Pix] Checkpoint saved at epoch 85 → /home/sharad/Quantum_Deep_learning/skin cancer/checkpoints/pix2pix.pt
[Pix2Pix] Epoch 86/200: 100%|███████████████████████████████████████████████████████████████████████████████████████████████████████████████████| 576/576 [08:40<00:00,  1.11it/s, D_loss=1.1177, G_loss=4.0407]
[Pix2Pix] Epoch 87/200: 100%|███████████████████████████████████████████████████████████████████████████████████████████████████████████████████| 576/576 [08:39<00:00,  1.11it/s, D_loss=1.1188, G_loss=4.0331]
[Pix2Pix] Epoch 88/200: 100%|███████████████████████████████████████████████████████████████████████████████████████████████████████████████████| 576/576 [08:40<00:00,  1.11it/s, D_loss=1.1174, G_loss=4.0398]
[Pix2Pix] Epoch 89/200: 100%|███████████████████████████████████████████████████████████████████████████████████████████████████████████████████| 576/576 [08:36<00:00,  1.12it/s, D_loss=1.1168, G_loss=4.0356]
[Pix2Pix] Epoch 90/200: 100%|███████████████████████████████████████████████████████████████████████████████████████████████████████████████████| 576/576 [08:38<00:00,  1.11it/s, D_loss=1.1163, G_loss=4.0230]
[Pix2Pix] Epoch 090/200 | D_loss=1.1163 | G_loss=4.0230 | Time=518.34s
[Pix2Pix] Checkpoint saved at epoch 90 → /home/sharad/Quantum_Deep_learning/skin cancer/checkpoints/pix2pix.pt
[Pix2Pix] Epoch 91/200: 100%|███████████████████████████████████████████████████████████████████████████████████████████████████████████████████| 576/576 [08:37<00:00,  1.11it/s, D_loss=1.1162, G_loss=4.0326]
[Pix2Pix] Epoch 92/200: 100%|███████████████████████████████████████████████████████████████████████████████████████████████████████████████████| 576/576 [08:38<00:00,  1.11it/s, D_loss=1.1178, G_loss=4.0372]
[Pix2Pix] Epoch 93/200: 100%|███████████████████████████████████████████████████████████████████████████████████████████████████████████████████| 576/576 [08:36<00:00,  1.11it/s, D_loss=1.1200, G_loss=4.0409]
[Pix2Pix] Epoch 94/200: 100%|███████████████████████████████████████████████████████████████████████████████████████████████████████████████████| 576/576 [08:38<00:00,  1.11it/s, D_loss=1.1213, G_loss=4.0251]
[Pix2Pix] Epoch 95/200: 100%|███████████████████████████████████████████████████████████████████████████████████████████████████████████████████| 576/576 [08:37<00:00,  1.11it/s, D_loss=1.1191, G_loss=4.0377]
[Pix2Pix] Checkpoint saved at epoch 95 → /home/sharad/Quantum_Deep_learning/skin cancer/checkpoints/pix2pix.pt
[Pix2Pix] Epoch 96/200: 100%|███████████████████████████████████████████████████████████████████████████████████████████████████████████████████| 576/576 [08:38<00:00,  1.11it/s, D_loss=1.1163, G_loss=4.0345]
[Pix2Pix] Epoch 97/200: 100%|███████████████████████████████████████████████████████████████████████████████████████████████████████████████████| 576/576 [08:37<00:00,  1.11it/s, D_loss=1.1181, G_loss=4.0253]
[Pix2Pix] Epoch 98/200: 100%|███████████████████████████████████████████████████████████████████████████████████████████████████████████████████| 576/576 [08:41<00:00,  1.10it/s, D_loss=1.1214, G_loss=4.0415]
[Pix2Pix] Epoch 99/200: 100%|███████████████████████████████████████████████████████████████████████████████████████████████████████████████████| 576/576 [08:40<00:00,  1.11it/s, D_loss=1.1188, G_loss=4.0390]
[Pix2Pix] Epoch 100/200: 100%|██████████████████████████████████████████████████████████████████████████████████████████████████████████████████| 576/576 [08:38<00:00,  1.11it/s, D_loss=1.1210, G_loss=4.0260]
[Pix2Pix] Epoch 100/200 | D_loss=1.1210 | G_loss=4.0260 | Time=518.49s
[Pix2Pix] Checkpoint saved at epoch 100 → /home/sharad/Quantum_Deep_learning/skin cancer/checkpoints/pix2pix.pt
[Pix2Pix] Epoch 101/200: 100%|██████████████████████████████████████████████████████████████████████████████████████████████████████████████████| 576/576 [08:39<00:00,  1.11it/s, D_loss=1.1184, G_loss=4.0452]
[Pix2Pix] Epoch 102/200: 100%|██████████████████████████████████████████████████████████████████████████████████████████████████████████████████| 576/576 [08:38<00:00,  1.11it/s, D_loss=1.1217, G_loss=4.0367]
[Pix2Pix] Epoch 103/200: 100%|██████████████████████████████████████████████████████████████████████████████████████████████████████████████████| 576/576 [08:39<00:00,  1.11it/s, D_loss=1.1224, G_loss=4.0377]
[Pix2Pix] Epoch 104/200: 100%|██████████████████████████████████████████████████████████████████████████████████████████████████████████████████| 576/576 [08:37<00:00,  1.11it/s, D_loss=1.1185, G_loss=4.0485]
[Pix2Pix] Epoch 105/200: 100%|██████████████████████████████████████████████████████████████████████████████████████████████████████████████████| 576/576 [08:38<00:00,  1.11it/s, D_loss=1.1207, G_loss=4.0315]
[Pix2Pix] Checkpoint saved at epoch 105 → /home/sharad/Quantum_Deep_learning/skin cancer/checkpoints/pix2pix.pt
[Pix2Pix] Epoch 106/200: 100%|██████████████████████████████████████████████████████████████████████████████████████████████████████████████████| 576/576 [08:36<00:00,  1.12it/s, D_loss=1.1176, G_loss=4.0404]
[Pix2Pix] Epoch 107/200: 100%|██████████████████████████████████████████████████████████████████████████████████████████████████████████████████| 576/576 [08:35<00:00,  1.12it/s, D_loss=1.1176, G_loss=4.0407]
[Pix2Pix] Epoch 108/200: 100%|██████████████████████████████████████████████████████████████████████████████████████████████████████████████████| 576/576 [08:35<00:00,  1.12it/s, D_loss=1.1195, G_loss=4.0352]
[Pix2Pix] Epoch 109/200: 100%|██████████████████████████████████████████████████████████████████████████████████████████████████████████████████| 576/576 [08:36<00:00,  1.12it/s, D_loss=1.1177, G_loss=4.0399]
[Pix2Pix] Epoch 110/200: 100%|██████████████████████████████████████████████████████████████████████████████████████████████████████████████████| 576/576 [08:38<00:00,  1.11it/s, D_loss=1.1188, G_loss=4.0398]
[Pix2Pix] Epoch 110/200 | D_loss=1.1188 | G_loss=4.0398 | Time=518.73s
[Pix2Pix] Checkpoint saved at epoch 110 → /home/sharad/Quantum_Deep_learning/skin cancer/checkpoints/pix2pix.pt
[Pix2Pix] Epoch 111/200: 100%|██████████████████████████████████████████████████████████████████████████████████████████████████████████████████| 576/576 [08:38<00:00,  1.11it/s, D_loss=1.1193, G_loss=4.0316]
[Pix2Pix] Epoch 112/200: 100%|██████████████████████████████████████████████████████████████████████████████████████████████████████████████████| 576/576 [08:36<00:00,  1.11it/s, D_loss=1.1219, G_loss=4.0439]
[Pix2Pix] Epoch 113/200: 100%|██████████████████████████████████████████████████████████████████████████████████████████████████████████████████| 576/576 [08:36<00:00,  1.11it/s, D_loss=1.1202, G_loss=4.0202]
[Pix2Pix] Epoch 114/200: 100%|██████████████████████████████████████████████████████████████████████████████████████████████████████████████████| 576/576 [08:35<00:00,  1.12it/s, D_loss=1.1208, G_loss=4.0365]
[Pix2Pix] Epoch 115/200: 100%|██████████████████████████████████████████████████████████████████████████████████████████████████████████████████| 576/576 [08:36<00:00,  1.12it/s, D_loss=1.1217, G_loss=4.0351]
[Pix2Pix] Checkpoint saved at epoch 115 → /home/sharad/Quantum_Deep_learning/skin cancer/checkpoints/pix2pix.pt
[Pix2Pix] Epoch 116/200: 100%|██████████████████████████████████████████████████████████████████████████████████████████████████████████████████| 576/576 [08:37<00:00,  1.11it/s, D_loss=1.1190, G_loss=4.0474]
[Pix2Pix] Epoch 117/200: 100%|██████████████████████████████████████████████████████████████████████████████████████████████████████████████████| 576/576 [08:35<00:00,  1.12it/s, D_loss=1.1236, G_loss=4.0428]
[Pix2Pix] Epoch 118/200: 100%|██████████████████████████████████████████████████████████████████████████████████████████████████████████████████| 576/576 [08:37<00:00,  1.11it/s, D_loss=1.1221, G_loss=4.0476]
[Pix2Pix] Epoch 119/200: 100%|██████████████████████████████████████████████████████████████████████████████████████████████████████████████████| 576/576 [08:38<00:00,  1.11it/s, D_loss=1.1253, G_loss=4.0401]
[Pix2Pix] Epoch 120/200: 100%|██████████████████████████████████████████████████████████████████████████████████████████████████████████████████| 576/576 [08:37<00:00,  1.11it/s, D_loss=1.1273, G_loss=4.0328]
[Pix2Pix] Epoch 120/200 | D_loss=1.1273 | G_loss=4.0328 | Time=517.78s
[Pix2Pix] Checkpoint saved at epoch 120 → /home/sharad/Quantum_Deep_learning/skin cancer/checkpoints/pix2pix.pt
[Pix2Pix] Epoch 121/200: 100%|██████████████████████████████████████████████████████████████████████████████████████████████████████████████████| 576/576 [08:37<00:00,  1.11it/s, D_loss=1.1284, G_loss=4.0465]
[Pix2Pix] Epoch 122/200: 100%|██████████████████████████████████████████████████████████████████████████████████████████████████████████████████| 576/576 [08:37<00:00,  1.11it/s, D_loss=1.1268, G_loss=4.0476]
[Pix2Pix] Epoch 123/200: 100%|██████████████████████████████████████████████████████████████████████████████████████████████████████████████████| 576/576 [08:37<00:00,  1.11it/s, D_loss=1.1256, G_loss=4.0423]
[Pix2Pix] Epoch 124/200: 100%|██████████████████████████████████████████████████████████████████████████████████████████████████████████████████| 576/576 [08:36<00:00,  1.12it/s, D_loss=1.1259, G_loss=4.0305]
[Pix2Pix] Epoch 125/200: 100%|██████████████████████████████████████████████████████████████████████████████████████████████████████████████████| 576/576 [08:36<00:00,  1.11it/s, D_loss=1.1235, G_loss=4.0204]
[Pix2Pix] Checkpoint saved at epoch 125 → /home/sharad/Quantum_Deep_learning/skin cancer/checkpoints/pix2pix.pt
[Pix2Pix] Epoch 126/200: 100%|██████████████████████████████████████████████████████████████████████████████████████████████████████████████████| 576/576 [08:40<00:00,  1.11it/s, D_loss=1.1273, G_loss=4.0269]
[Pix2Pix] Epoch 127/200: 100%|██████████████████████████████████████████████████████████████████████████████████████████████████████████████████| 576/576 [08:40<00:00,  1.11it/s, D_loss=1.1243, G_loss=4.0429]
[Pix2Pix] Epoch 128/200: 100%|██████████████████████████████████████████████████████████████████████████████████████████████████████████████████| 576/576 [08:38<00:00,  1.11it/s, D_loss=1.1231, G_loss=4.0359]
[Pix2Pix] Epoch 129/200: 100%|██████████████████████████████████████████████████████████████████████████████████████████████████████████████████| 576/576 [08:37<00:00,  1.11it/s, D_loss=1.1238, G_loss=4.0383]
[Pix2Pix] Epoch 130/200: 100%|██████████████████████████████████████████████████████████████████████████████████████████████████████████████████| 576/576 [08:40<00:00,  1.11it/s, D_loss=1.1217, G_loss=4.0372]
[Pix2Pix] Epoch 130/200 | D_loss=1.1217 | G_loss=4.0372 | Time=520.04s
[Pix2Pix] Checkpoint saved at epoch 130 → /home/sharad/Quantum_Deep_learning/skin cancer/checkpoints/pix2pix.pt
[Pix2Pix] Epoch 131/200: 100%|██████████████████████████████████████████████████████████████████████████████████████████████████████████████████| 576/576 [08:38<00:00,  1.11it/s, D_loss=1.1257, G_loss=4.0349]
[Pix2Pix] Epoch 132/200: 100%|██████████████████████████████████████████████████████████████████████████████████████████████████████████████████| 576/576 [08:36<00:00,  1.12it/s, D_loss=1.1256, G_loss=4.0306]
[Pix2Pix] Epoch 133/200: 100%|██████████████████████████████████████████████████████████████████████████████████████████████████████████████████| 576/576 [08:37<00:00,  1.11it/s, D_loss=1.1238, G_loss=4.0466]
[Pix2Pix] Epoch 134/200: 100%|██████████████████████████████████████████████████████████████████████████████████████████████████████████████████| 576/576 [08:37<00:00,  1.11it/s, D_loss=1.1239, G_loss=4.0393]
[Pix2Pix] Epoch 135/200: 100%|██████████████████████████████████████████████████████████████████████████████████████████████████████████████████| 576/576 [08:39<00:00,  1.11it/s, D_loss=1.1247, G_loss=4.0318]
[Pix2Pix] Checkpoint saved at epoch 135 → /home/sharad/Quantum_Deep_learning/skin cancer/checkpoints/pix2pix.pt
[Pix2Pix] Epoch 136/200: 100%|██████████████████████████████████████████████████████████████████████████████████████████████████████████████████| 576/576 [08:35<00:00,  1.12it/s, D_loss=1.1254, G_loss=4.0284]
[Pix2Pix] Epoch 137/200: 100%|██████████████████████████████████████████████████████████████████████████████████████████████████████████████████| 576/576 [08:35<00:00,  1.12it/s, D_loss=1.1262, G_loss=4.0473]
[Pix2Pix] Epoch 138/200: 100%|██████████████████████████████████████████████████████████████████████████████████████████████████████████████████| 576/576 [08:37<00:00,  1.11it/s, D_loss=1.1277, G_loss=4.0326]
[Pix2Pix] Epoch 139/200: 100%|██████████████████████████████████████████████████████████████████████████████████████████████████████████████████| 576/576 [08:38<00:00,  1.11it/s, D_loss=1.1270, G_loss=4.0419]
[Pix2Pix] Epoch 140/200: 100%|██████████████████████████████████████████████████████████████████████████████████████████████████████████████████| 576/576 [08:37<00:00,  1.11it/s, D_loss=1.1251, G_loss=4.0452]
[Pix2Pix] Epoch 140/200 | D_loss=1.1251 | G_loss=4.0452 | Time=517.99s
[Pix2Pix] Checkpoint saved at epoch 140 → /home/sharad/Quantum_Deep_learning/skin cancer/checkpoints/pix2pix.pt
[Pix2Pix] Epoch 141/200: 100%|██████████████████████████████████████████████████████████████████████████████████████████████████████████████████| 576/576 [08:37<00:00,  1.11it/s, D_loss=1.1252, G_loss=4.0423]
[Pix2Pix] Epoch 142/200: 100%|██████████████████████████████████████████████████████████████████████████████████████████████████████████████████| 576/576 [08:38<00:00,  1.11it/s, D_loss=1.1241, G_loss=4.0399]
[Pix2Pix] Epoch 143/200: 100%|██████████████████████████████████████████████████████████████████████████████████████████████████████████████████| 576/576 [08:37<00:00,  1.11it/s, D_loss=1.1216, G_loss=4.0347]
[Pix2Pix] Epoch 144/200: 100%|██████████████████████████████████████████████████████████████████████████████████████████████████████████████████| 576/576 [08:37<00:00,  1.11it/s, D_loss=1.1241, G_loss=4.0463]
[Pix2Pix] Epoch 145/200: 100%|██████████████████████████████████████████████████████████████████████████████████████████████████████████████████| 576/576 [08:38<00:00,  1.11it/s, D_loss=1.1257, G_loss=4.0403]
[Pix2Pix] Checkpoint saved at epoch 145 → /home/sharad/Quantum_Deep_learning/skin cancer/checkpoints/pix2pix.pt
[Pix2Pix] Epoch 146/200: 100%|██████████████████████████████████████████████████████████████████████████████████████████████████████████████████| 576/576 [08:39<00:00,  1.11it/s, D_loss=1.1239, G_loss=4.0547]
[Pix2Pix] Epoch 147/200: 100%|██████████████████████████████████████████████████████████████████████████████████████████████████████████████████| 576/576 [08:36<00:00,  1.12it/s, D_loss=1.1274, G_loss=4.0444]
[Pix2Pix] Epoch 148/200: 100%|██████████████████████████████████████████████████████████████████████████████████████████████████████████████████| 576/576 [08:34<00:00,  1.12it/s, D_loss=1.1280, G_loss=4.0472]
[Pix2Pix] Epoch 149/200: 100%|██████████████████████████████████████████████████████████████████████████████████████████████████████████████████| 576/576 [08:35<00:00,  1.12it/s, D_loss=1.1286, G_loss=4.0431]
[Pix2Pix] Epoch 150/200: 100%|██████████████████████████████████████████████████████████████████████████████████████████████████████████████████| 576/576 [08:37<00:00,  1.11it/s, D_loss=1.1268, G_loss=4.0380]
[Pix2Pix] Epoch 150/200 | D_loss=1.1268 | G_loss=4.0380 | Time=517.68s
[Pix2Pix] Checkpoint saved at epoch 150 → /home/sharad/Quantum_Deep_learning/skin cancer/checkpoints/pix2pix.pt
[Pix2Pix] Epoch 151/200: 100%|██████████████████████████████████████████████████████████████████████████████████████████████████████████████████| 576/576 [08:37<00:00,  1.11it/s, D_loss=1.1290, G_loss=4.0168]
[Pix2Pix] Epoch 152/200: 100%|██████████████████████████████████████████████████████████████████████████████████████████████████████████████████| 576/576 [08:37<00:00,  1.11it/s, D_loss=1.1261, G_loss=4.0362]
[Pix2Pix] Epoch 153/200: 100%|██████████████████████████████████████████████████████████████████████████████████████████████████████████████████| 576/576 [08:38<00:00,  1.11it/s, D_loss=1.1269, G_loss=4.0380]
[Pix2Pix] Epoch 154/200: 100%|██████████████████████████████████████████████████████████████████████████████████████████████████████████████████| 576/576 [08:39<00:00,  1.11it/s, D_loss=1.1265, G_loss=4.0389]
[Pix2Pix] Epoch 155/200: 100%|██████████████████████████████████████████████████████████████████████████████████████████████████████████████████| 576/576 [08:37<00:00,  1.11it/s, D_loss=1.1265, G_loss=4.0346]
[Pix2Pix] Checkpoint saved at epoch 155 → /home/sharad/Quantum_Deep_learning/skin cancer/checkpoints/pix2pix.pt
[Pix2Pix] Epoch 156/200: 100%|██████████████████████████████████████████████████████████████████████████████████████████████████████████████████| 576/576 [08:38<00:00,  1.11it/s, D_loss=1.1244, G_loss=4.0435]
[Pix2Pix] Epoch 157/200: 100%|██████████████████████████████████████████████████████████████████████████████████████████████████████████████████| 576/576 [08:38<00:00,  1.11it/s, D_loss=1.1304, G_loss=4.0365]
[Pix2Pix] Epoch 158/200: 100%|██████████████████████████████████████████████████████████████████████████████████████████████████████████████████| 576/576 [08:40<00:00,  1.11it/s, D_loss=1.1251, G_loss=4.0421]
[Pix2Pix] Epoch 159/200: 100%|██████████████████████████████████████████████████████████████████████████████████████████████████████████████████| 576/576 [08:38<00:00,  1.11it/s, D_loss=1.1268, G_loss=4.0430]
[Pix2Pix] Epoch 160/200: 100%|██████████████████████████████████████████████████████████████████████████████████████████████████████████████████| 576/576 [08:39<00:00,  1.11it/s, D_loss=1.1262, G_loss=4.0434]
[Pix2Pix] Epoch 160/200 | D_loss=1.1262 | G_loss=4.0434 | Time=519.38s
[Pix2Pix] Checkpoint saved at epoch 160 → /home/sharad/Quantum_Deep_learning/skin cancer/checkpoints/pix2pix.pt
[Pix2Pix] Epoch 161/200: 100%|██████████████████████████████████████████████████████████████████████████████████████████████████████████████████| 576/576 [08:40<00:00,  1.11it/s, D_loss=1.1309, G_loss=4.0395]
[Pix2Pix] Epoch 162/200: 100%|██████████████████████████████████████████████████████████████████████████████████████████████████████████████████| 576/576 [08:40<00:00,  1.11it/s, D_loss=1.1312, G_loss=4.0323]
[Pix2Pix] Epoch 163/200: 100%|██████████████████████████████████████████████████████████████████████████████████████████████████████████████████| 576/576 [08:40<00:00,  1.11it/s, D_loss=1.1319, G_loss=4.0348]
[Pix2Pix] Epoch 164/200: 100%|██████████████████████████████████████████████████████████████████████████████████████████████████████████████████| 576/576 [08:39<00:00,  1.11it/s, D_loss=1.1306, G_loss=4.0535]
[Pix2Pix] Epoch 165/200: 100%|██████████████████████████████████████████████████████████████████████████████████████████████████████████████████| 576/576 [08:38<00:00,  1.11it/s, D_loss=1.1291, G_loss=4.0422]
[Pix2Pix] Checkpoint saved at epoch 165 → /home/sharad/Quantum_Deep_learning/skin cancer/checkpoints/pix2pix.pt
[Pix2Pix] Epoch 166/200: 100%|██████████████████████████████████████████████████████████████████████████████████████████████████████████████████| 576/576 [08:38<00:00,  1.11it/s, D_loss=1.1300, G_loss=4.0448]
[Pix2Pix] Epoch 167/200: 100%|██████████████████████████████████████████████████████████████████████████████████████████████████████████████████| 576/576 [08:38<00:00,  1.11it/s, D_loss=1.1260, G_loss=4.0490]
[Pix2Pix] Epoch 168/200: 100%|██████████████████████████████████████████████████████████████████████████████████████████████████████████████████| 576/576 [08:39<00:00,  1.11it/s, D_loss=1.1279, G_loss=4.0328]
[Pix2Pix] Epoch 169/200: 100%|██████████████████████████████████████████████████████████████████████████████████████████████████████████████████| 576/576 [08:38<00:00,  1.11it/s, D_loss=1.1284, G_loss=4.0522]
[Pix2Pix] Epoch 170/200: 100%|██████████████████████████████████████████████████████████████████████████████████████████████████████████████████| 576/576 [08:36<00:00,  1.11it/s, D_loss=1.1314, G_loss=4.0420]
[Pix2Pix] Epoch 170/200 | D_loss=1.1314 | G_loss=4.0420 | Time=516.84s
[Pix2Pix] Checkpoint saved at epoch 170 → /home/sharad/Quantum_Deep_learning/skin cancer/checkpoints/pix2pix.pt
[Pix2Pix] Epoch 171/200: 100%|██████████████████████████████████████████████████████████████████████████████████████████████████████████████████| 576/576 [08:39<00:00,  1.11it/s, D_loss=1.1290, G_loss=4.0416]
[Pix2Pix] Epoch 172/200: 100%|██████████████████████████████████████████████████████████████████████████████████████████████████████████████████| 576/576 [08:39<00:00,  1.11it/s, D_loss=1.1266, G_loss=4.0408]
[Pix2Pix] Epoch 173/200: 100%|██████████████████████████████████████████████████████████████████████████████████████████████████████████████████| 576/576 [08:40<00:00,  1.11it/s, D_loss=1.1284, G_loss=4.0320]
[Pix2Pix] Epoch 174/200: 100%|██████████████████████████████████████████████████████████████████████████████████████████████████████████████████| 576/576 [08:42<00:00,  1.10it/s, D_loss=1.1276, G_loss=4.0494]
[Pix2Pix] Epoch 175/200: 100%|██████████████████████████████████████████████████████████████████████████████████████████████████████████████████| 576/576 [08:42<00:00,  1.10it/s, D_loss=1.1281, G_loss=4.0476]
[Pix2Pix] Checkpoint saved at epoch 175 → /home/sharad/Quantum_Deep_learning/skin cancer/checkpoints/pix2pix.pt
[Pix2Pix] Epoch 176/200: 100%|██████████████████████████████████████████████████████████████████████████████████████████████████████████████████| 576/576 [08:43<00:00,  1.10it/s, D_loss=1.1291, G_loss=4.0471]
[Pix2Pix] Epoch 177/200: 100%|██████████████████████████████████████████████████████████████████████████████████████████████████████████████████| 576/576 [08:39<00:00,  1.11it/s, D_loss=1.1298, G_loss=4.0390]
[Pix2Pix] Epoch 178/200: 100%|██████████████████████████████████████████████████████████████████████████████████████████████████████████████████| 576/576 [08:41<00:00,  1.10it/s, D_loss=1.1319, G_loss=4.0446]
[Pix2Pix] Epoch 179/200: 100%|██████████████████████████████████████████████████████████████████████████████████████████████████████████████████| 576/576 [08:38<00:00,  1.11it/s, D_loss=1.1263, G_loss=4.0575]
[Pix2Pix] Epoch 180/200: 100%|██████████████████████████████████████████████████████████████████████████████████████████████████████████████████| 576/576 [08:40<00:00,  1.11it/s, D_loss=1.1291, G_loss=4.0511]
[Pix2Pix] Epoch 180/200 | D_loss=1.1291 | G_loss=4.0511 | Time=520.30s
[Pix2Pix] Checkpoint saved at epoch 180 → /home/sharad/Quantum_Deep_learning/skin cancer/checkpoints/pix2pix.pt
[Pix2Pix] Epoch 181/200: 100%|██████████████████████████████████████████████████████████████████████████████████████████████████████████████████| 576/576 [08:39<00:00,  1.11it/s, D_loss=1.1295, G_loss=4.0425]
[Pix2Pix] Epoch 182/200: 100%|██████████████████████████████████████████████████████████████████████████████████████████████████████████████████| 576/576 [08:38<00:00,  1.11it/s, D_loss=1.1318, G_loss=4.0468]
[Pix2Pix] Epoch 183/200: 100%|██████████████████████████████████████████████████████████████████████████████████████████████████████████████████| 576/576 [08:37<00:00,  1.11it/s, D_loss=1.1307, G_loss=4.0424]
[Pix2Pix] Epoch 184/200: 100%|██████████████████████████████████████████████████████████████████████████████████████████████████████████████████| 576/576 [08:38<00:00,  1.11it/s, D_loss=1.1312, G_loss=4.0402]
[Pix2Pix] Epoch 185/200: 100%|██████████████████████████████████████████████████████████████████████████████████████████████████████████████████| 576/576 [08:38<00:00,  1.11it/s, D_loss=1.1319, G_loss=4.0448]
[Pix2Pix] Checkpoint saved at epoch 185 → /home/sharad/Quantum_Deep_learning/skin cancer/checkpoints/pix2pix.pt
[Pix2Pix] Epoch 186/200: 100%|██████████████████████████████████████████████████████████████████████████████████████████████████████████████████| 576/576 [08:38<00:00,  1.11it/s, D_loss=1.1323, G_loss=4.0414]
[Pix2Pix] Epoch 187/200: 100%|██████████████████████████████████████████████████████████████████████████████████████████████████████████████████| 576/576 [08:40<00:00,  1.11it/s, D_loss=1.1336, G_loss=4.0432]
[Pix2Pix] Epoch 188/200: 100%|██████████████████████████████████████████████████████████████████████████████████████████████████████████████████| 576/576 [08:38<00:00,  1.11it/s, D_loss=1.1303, G_loss=4.0503]
[Pix2Pix] Epoch 189/200: 100%|██████████████████████████████████████████████████████████████████████████████████████████████████████████████████| 576/576 [08:39<00:00,  1.11it/s, D_loss=1.1313, G_loss=4.0456]
[Pix2Pix] Epoch 190/200: 100%|██████████████████████████████████████████████████████████████████████████████████████████████████████████████████| 576/576 [08:38<00:00,  1.11it/s, D_loss=1.1332, G_loss=4.0374]
[Pix2Pix] Epoch 190/200 | D_loss=1.1332 | G_loss=4.0374 | Time=518.28s
[Pix2Pix] Checkpoint saved at epoch 190 → /home/sharad/Quantum_Deep_learning/skin cancer/checkpoints/pix2pix.pt
[Pix2Pix] Epoch 191/200: 100%|██████████████████████████████████████████████████████████████████████████████████████████████████████████████████| 576/576 [08:36<00:00,  1.11it/s, D_loss=1.1312, G_loss=4.0459]
[Pix2Pix] Epoch 192/200: 100%|██████████████████████████████████████████████████████████████████████████████████████████████████████████████████| 576/576 [08:39<00:00,  1.11it/s, D_loss=1.1304, G_loss=4.0468]
[Pix2Pix] Epoch 193/200: 100%|██████████████████████████████████████████████████████████████████████████████████████████████████████████████████| 576/576 [08:36<00:00,  1.12it/s, D_loss=1.1305, G_loss=4.0479]
[Pix2Pix] Epoch 194/200: 100%|██████████████████████████████████████████████████████████████████████████████████████████████████████████████████| 576/576 [08:38<00:00,  1.11it/s, D_loss=1.1343, G_loss=4.0481]
[Pix2Pix] Epoch 195/200: 100%|██████████████████████████████████████████████████████████████████████████████████████████████████████████████████| 576/576 [08:37<00:00,  1.11it/s, D_loss=1.1308, G_loss=4.0414]
[Pix2Pix] Checkpoint saved at epoch 195 → /home/sharad/Quantum_Deep_learning/skin cancer/checkpoints/pix2pix.pt
[Pix2Pix] Epoch 196/200: 100%|██████████████████████████████████████████████████████████████████████████████████████████████████████████████████| 576/576 [08:37<00:00,  1.11it/s, D_loss=1.1304, G_loss=4.0476]
[Pix2Pix] Epoch 197/200: 100%|██████████████████████████████████████████████████████████████████████████████████████████████████████████████████| 576/576 [08:38<00:00,  1.11it/s, D_loss=1.1312, G_loss=4.0347]
[Pix2Pix] Epoch 198/200: 100%|██████████████████████████████████████████████████████████████████████████████████████████████████████████████████| 576/576 [08:40<00:00,  1.11it/s, D_loss=1.1306, G_loss=4.0586]
[Pix2Pix] Epoch 199/200: 100%|██████████████████████████████████████████████████████████████████████████████████████████████████████████████████| 576/576 [08:41<00:00,  1.10it/s, D_loss=1.1323, G_loss=4.0448]
[Pix2Pix] Epoch 200/200: 100%|██████████████████████████████████████████████████████████████████████████████████████████████████████████████████| 576/576 [08:41<00:00,  1.10it/s, D_loss=1.1313, G_loss=4.0389]
[Pix2Pix] Epoch 200/200 | D_loss=1.1313 | G_loss=4.0389 | Time=521.89s
[Pix2Pix] Checkpoint saved at epoch 200 → /home/sharad/Quantum_Deep_learning/skin cancer/checkpoints/pix2pix.pt
================================================================================
[Pix2Pix] Training completed.
Total training time : 1469.37 min
================================================================================
[MEL] Saved 5592 denoised images to /home/sharad/Quantum_Deep_learning/skin cancer/dataset/processed_images/MEL/denoised
[BCC] Saved 6191 denoised images to /home/sharad/Quantum_Deep_learning/skin cancer/dataset/processed_images/BCC/denoised
[AKIEC] Saved 6378 denoised images to /home/sharad/Quantum_Deep_learning/skin cancer/dataset/processed_images/AKIEC/denoised
[BKL] Saved 5606 denoised images to /home/sharad/Quantum_Deep_learning/skin cancer/dataset/processed_images/BKL/denoised
[DF] Saved 6590 denoised images to /home/sharad/Quantum_Deep_learning/skin cancer/dataset/processed_images/DF/denoised
[VASC] Saved 6563 denoised images to /home/sharad/Quantum_Deep_learning/skin cancer/dataset/processed_images/VASC/denoised
[MEL] Saved 5592 color-normalized images to /home/sharad/Quantum_Deep_learning/skin cancer/dataset/processed_images/MEL/normalized
[BCC] Saved 6191 color-normalized images to /home/sharad/Quantum_Deep_learning/skin cancer/dataset/processed_images/BCC/normalized
[AKIEC] Saved 6378 color-normalized images to /home/sharad/Quantum_Deep_learning/skin cancer/dataset/processed_images/AKIEC/normalized
[BKL] Saved 5606 color-normalized images to /home/sharad/Quantum_Deep_learning/skin cancer/dataset/processed_images/BKL/normalized
[DF] Saved 6590 color-normalized images to /home/sharad/Quantum_Deep_learning/skin cancer/dataset/processed_images/DF/normalized
[VASC] Saved 6563 color-normalized images to /home/sharad/Quantum_Deep_learning/skin cancer/dataset/processed_images/VASC/normalized
Saved 46935 labeled rows to /home/sharad/Quantum_Deep_learning/skin cancer/dataset/final_labels_onehot.csv
Row counts per class (summed one-hot columns):
MEL      6705
NV       6705
BCC      6705
AKIEC    6705
BKL      6705
DF       6705
VASC     6705
dtype: int64
